// Jest Snapshot v1, https://goo.gl/fbAQLP

exports[`embedHelpers.formatResults empty lists snapshot: formatResults-empty 1`] = `
"👍 0 głosów na tak (0.0%) • 👎 0 głosów na nie (0.0%)
<:5499lb2g:1299663909040558160><:2827l2g:1299663896218570805><:2827l2g:1299663896218570805><:2827l2g:1299663896218570805><:2827l2g:1299663896218570805><:2827l2g:1299663896218570805><:2827l2g:1299663896218570805><:2827l2g:1299663896218570805><:2827l2g:1299663896218570805><:2827l2g:1299663896218570805><:2827l2g:1299663896218570805><:2827l2g:1299663896218570805><:2827l2g:1299663896218570805><:2827l2g:1299663896218570805><:2827l2g:1299663896218570805><:2881lb3g:1299663884562468874>"
`;

exports[`embedHelpers.formatResults very long lists snapshot (bar length fixed): formatResults-long 1`] = `
"👍 900 głosów na tak (90.0%) • 👎 100 głosów na nie (10.0%)
<:5988lbg:1299663872071831622><:3451lg:1299663858914295818><:3451lg:1299663858914295818><:3451lg:1299663858914295818><:3451lg:1299663858914295818><:3451lg:1299663858914295818><:3451lg:1299663858914295818><:3451lg:1299663858914295818><:3451lg:1299663858914295818><:3451lg:1299663858914295818><:3451lg:1299663858914295818><:3451lg:1299663858914295818><:3451lg:1299663858914295818><:3451lg:1299663858914295818><:2827l2g:1299663896218570805><:2881lb3g:1299663884562468874>"
`;

exports[`embedHelpers.formatWarnBar createBaseEmbed + warn bar snapshot: createBaseEmbed-with-warnbar 1`] = `
{
  "author": {
    "icon_url": "http://assets/author.png",
    "name": "Dyzio",
    "url": undefined,
  },
  "color": 15158588,
  "description": "Ostrzeżenia: <:yleftfull:1366150886497321143><:ymidfull:1366150872727294042><:ymidfull:1366150872727294042><:ymidfull:1366150872727294042><:ymidfull:1366150872727294042><:ymidfull:1366150872727294042><:ymidempty:1366151054672007249><:ymidempty:1366151054672007249><:yrightempty:1366151038679257350>",
  "footer": {
    "icon_url": undefined,
    "text": "Serwer XYZ",
  },
  "thumbnail": {
    "url": "http://assets/thumb.png",
  },
  "title": "Status ostrzeżeń",
}
`;
